Archive member included because of file (symbol)

C:/Freescale/CW MCU v11.1/MCU/ARM_GCC_Support/ewl/lib/armv7e-m/fpu\libc.a(exit.o)
                              ./Project_Settings/Startup_Code/__arm_start.o (exit)
C:/Freescale/CW MCU v11.1/MCU/ARM_GCC_Support/ewl/lib/armv7e-m/fpu\libc.a(memset.o)
                              ./Project_Settings/Startup_Code/__arm_start.o (memset)
C:/Freescale/CW MCU v11.1/MCU/ARM_GCC_Support/ewl/lib/armv7e-m/fpu\libc.a(__filll_mem.o)
                              C:/Freescale/CW MCU v11.1/MCU/ARM_GCC_Support/ewl/lib/armv7e-m/fpu\libc.a(memset.o) (__fill_mem)
C:/Freescale/CW MCU v11.1/MCU/ARM_GCC_Support/ewl/lib/armv7e-m/fpu\libc.a(printformat_.o)
                              (__pformatter_)
C:/Freescale/CW MCU v11.1/MCU/ARM_GCC_Support/ewl/lib/armv7e-m/fpu\libc.a(scanformat_.o)
                              (__sformatter)
C:/Freescale/CW MCU v11.1/MCU/ARM_GCC_Support/ewl/lib/armv7e-m/fpu\libc.a(ctype_aeabi.o)
                              C:/Freescale/CW MCU v11.1/MCU/ARM_GCC_Support/ewl/lib/armv7e-m/fpu\libc.a(scanformat_.o) (isspace)
C:/Freescale/CW MCU v11.1/MCU/ARM_GCC_Support/ewl/lib/armv7e-m/fpu\libc.a(__strtoul.o)
                              C:/Freescale/CW MCU v11.1/MCU/ARM_GCC_Support/ewl/lib/armv7e-m/fpu\libc.a(scanformat_.o) (__strtoul)
C:/Freescale/CW MCU v11.1/MCU/ARM_GCC_Support/ewl/lib/armv7e-m/fpu\libc.a(strchr.o)
                              C:/Freescale/CW MCU v11.1/MCU/ARM_GCC_Support/ewl/lib/armv7e-m/fpu\libc.a(printformat_.o) (strchr)
C:/Freescale/CW MCU v11.1/MCU/ARM_GCC_Support/ewl/lib/armv7e-m/fpu\libc.a(strlen.o)
                              C:/Freescale/CW MCU v11.1/MCU/ARM_GCC_Support/ewl/lib/armv7e-m/fpu\libc.a(printformat_.o) (strlen)
C:/Freescale/CW MCU v11.1/MCU/ARM_GCC_Support/ewl/lib/armv7e-m/fpu\libc.a(memchr.o)
                              C:/Freescale/CW MCU v11.1/MCU/ARM_GCC_Support/ewl/lib/armv7e-m/fpu\libc.a(printformat_.o) (memchr)
C:/Freescale/CW MCU v11.1/MCU/ARM_GCC_Support/ewl/lib/armv7e-m/fpu\librt.a(gcc_ctor_dtor.o)
                              ./Project_Settings/Startup_Code/__arm_start.o (__init_cpp)
C:/Freescale/CW MCU v11.1/MCU/ARM_GCC_Support/ewl/lib/armv7e-m/fpu\librt.a(__arm_eabi_init.o)
                              C:/Freescale/CW MCU v11.1/MCU/ARM_GCC_Support/ewl/lib/armv7e-m/fpu\libc.a(exit.o) (__destroy_global_chain)
C:/Freescale/CW MCU v11.1/MCU/ARM_GCC_Support/ewl/lib/armv7e-m/fpu\librt.a(ROMCopy.o)
                              ./Project_Settings/Startup_Code/__arm_start.o (__copy_rom_sections_to_ram)

Allocating common symbols
Common symbol       size              file

camera              0x328             ./Sources/main.o
camera_pt           0x4               ./Sources/main.o

Discarded input sections

 .text          0x00000000        0x0 ./Project_Settings/Startup_Code/kinetis_sysinit.o
 .data          0x00000000        0x0 ./Project_Settings/Startup_Code/kinetis_sysinit.o
 .bss           0x00000000        0x0 ./Project_Settings/Startup_Code/kinetis_sysinit.o
 .text          0x00000000        0x0 ./Project_Settings/Startup_Code/__arm_start.o
 .data          0x00000000        0x0 ./Project_Settings/Startup_Code/__arm_start.o
 .bss           0x00000000        0x0 ./Project_Settings/Startup_Code/__arm_start.o
 .text.__iar_program_start
                0x00000000        0x4 ./Project_Settings/Startup_Code/__arm_start.o
 .text          0x00000000        0x0 ./Project_Settings/Startup_Code/__arm_end.o
 .data          0x00000000        0x0 ./Project_Settings/Startup_Code/__arm_end.o
 .bss           0x00000000        0x0 ./Project_Settings/Startup_Code/__arm_end.o
 .text          0x00000000        0x0 ./Sources/main.o
 .data          0x00000000        0x0 ./Sources/main.o
 .bss           0x00000000        0x0 ./Sources/main.o
 .text          0x00000000        0x0 ./Sources/helper_functions.o
 .data          0x00000000        0x0 ./Sources/helper_functions.o
 .bss           0x00000000        0x0 ./Sources/helper_functions.o
 .text._strlenInts
                0x00000000       0x40 ./Sources/helper_functions.o
 .text._strcomp
                0x00000000       0x80 ./Sources/helper_functions.o
 .text._strcopy
                0x00000000       0x88 ./Sources/helper_functions.o
 .rodata        0x00000000       0x60 ./Sources/helper_functions.o
 .text._parse_uri
                0x00000000       0x70 ./Sources/helper_functions.o
 .text.delay    0x00000000       0x2c ./Sources/helper_functions.o
 .text.itoa     0x00000000       0xc4 ./Sources/helper_functions.o
 .text          0x00000000        0x0 ./Sources/buffer.o
 .data          0x00000000        0x0 ./Sources/buffer.o
 .bss           0x00000000        0x0 ./Sources/buffer.o
 .text.buffer_isfull
                0x00000000       0x30 ./Sources/buffer.o
 .text.buffer_len
                0x00000000       0x28 ./Sources/buffer.o
 .text          0x00000000        0x0 ./Sources/Camera.o
 .data          0x00000000        0x0 ./Sources/Camera.o
 .bss           0x00000000        0x0 ./Sources/Camera.o
 .text.Camera_WaitEmptyBuffer
                0x00000000       0x20 ./Sources/Camera.o
 .text.Camera_UART_SendString
                0x00000000       0x54 ./Sources/Camera.o
 .text          0x00000000        0x0 C:/Freescale/CW MCU v11.1/MCU/ARM_GCC_Support/ewl/lib/armv7e-m/fpu\libc.a(exit.o)
 .data          0x00000000        0x0 C:/Freescale/CW MCU v11.1/MCU/ARM_GCC_Support/ewl/lib/armv7e-m/fpu\libc.a(exit.o)
 .bss           0x00000000        0x0 C:/Freescale/CW MCU v11.1/MCU/ARM_GCC_Support/ewl/lib/armv7e-m/fpu\libc.a(exit.o)
 .text          0x00000000        0x0 C:/Freescale/CW MCU v11.1/MCU/ARM_GCC_Support/ewl/lib/armv7e-m/fpu\libc.a(memset.o)
 .data          0x00000000        0x0 C:/Freescale/CW MCU v11.1/MCU/ARM_GCC_Support/ewl/lib/armv7e-m/fpu\libc.a(memset.o)
 .bss           0x00000000        0x0 C:/Freescale/CW MCU v11.1/MCU/ARM_GCC_Support/ewl/lib/armv7e-m/fpu\libc.a(memset.o)
 .text          0x00000000        0x0 C:/Freescale/CW MCU v11.1/MCU/ARM_GCC_Support/ewl/lib/armv7e-m/fpu\libc.a(__filll_mem.o)
 .data          0x00000000        0x0 C:/Freescale/CW MCU v11.1/MCU/ARM_GCC_Support/ewl/lib/armv7e-m/fpu\libc.a(__filll_mem.o)
 .bss           0x00000000        0x0 C:/Freescale/CW MCU v11.1/MCU/ARM_GCC_Support/ewl/lib/armv7e-m/fpu\libc.a(__filll_mem.o)
 .text          0x00000000        0x0 C:/Freescale/CW MCU v11.1/MCU/ARM_GCC_Support/ewl/lib/armv7e-m/fpu\libc.a(printformat_.o)
 .data          0x00000000        0x0 C:/Freescale/CW MCU v11.1/MCU/ARM_GCC_Support/ewl/lib/armv7e-m/fpu\libc.a(printformat_.o)
 .bss           0x00000000        0x0 C:/Freescale/CW MCU v11.1/MCU/ARM_GCC_Support/ewl/lib/armv7e-m/fpu\libc.a(printformat_.o)
 .text          0x00000000        0x0 C:/Freescale/CW MCU v11.1/MCU/ARM_GCC_Support/ewl/lib/armv7e-m/fpu\libc.a(scanformat_.o)
 .data          0x00000000        0x0 C:/Freescale/CW MCU v11.1/MCU/ARM_GCC_Support/ewl/lib/armv7e-m/fpu\libc.a(scanformat_.o)
 .bss           0x00000000        0x0 C:/Freescale/CW MCU v11.1/MCU/ARM_GCC_Support/ewl/lib/armv7e-m/fpu\libc.a(scanformat_.o)
 .text          0x00000000        0x0 C:/Freescale/CW MCU v11.1/MCU/ARM_GCC_Support/ewl/lib/armv7e-m/fpu\libc.a(ctype_aeabi.o)
 .data          0x00000000        0x0 C:/Freescale/CW MCU v11.1/MCU/ARM_GCC_Support/ewl/lib/armv7e-m/fpu\libc.a(ctype_aeabi.o)
 .bss           0x00000000        0x0 C:/Freescale/CW MCU v11.1/MCU/ARM_GCC_Support/ewl/lib/armv7e-m/fpu\libc.a(ctype_aeabi.o)
 .text.isalnum  0x00000000       0x18 C:/Freescale/CW MCU v11.1/MCU/ARM_GCC_Support/ewl/lib/armv7e-m/fpu\libc.a(ctype_aeabi.o)
 .text.iscntrl  0x00000000       0x1c C:/Freescale/CW MCU v11.1/MCU/ARM_GCC_Support/ewl/lib/armv7e-m/fpu\libc.a(ctype_aeabi.o)
 .text.isdigit  0x00000000        0xc C:/Freescale/CW MCU v11.1/MCU/ARM_GCC_Support/ewl/lib/armv7e-m/fpu\libc.a(ctype_aeabi.o)
 .text.isgraph  0x00000000       0x18 C:/Freescale/CW MCU v11.1/MCU/ARM_GCC_Support/ewl/lib/armv7e-m/fpu\libc.a(ctype_aeabi.o)
 .text.islower  0x00000000       0x1c C:/Freescale/CW MCU v11.1/MCU/ARM_GCC_Support/ewl/lib/armv7e-m/fpu\libc.a(ctype_aeabi.o)
 .text.isprint  0x00000000       0x18 C:/Freescale/CW MCU v11.1/MCU/ARM_GCC_Support/ewl/lib/armv7e-m/fpu\libc.a(ctype_aeabi.o)
 .text.ispunct  0x00000000       0x1c C:/Freescale/CW MCU v11.1/MCU/ARM_GCC_Support/ewl/lib/armv7e-m/fpu\libc.a(ctype_aeabi.o)
 .text.isupper  0x00000000       0x1c C:/Freescale/CW MCU v11.1/MCU/ARM_GCC_Support/ewl/lib/armv7e-m/fpu\libc.a(ctype_aeabi.o)
 .text.isxdigit
                0x00000000       0x1c C:/Freescale/CW MCU v11.1/MCU/ARM_GCC_Support/ewl/lib/armv7e-m/fpu\libc.a(ctype_aeabi.o)
 .text.isblank  0x00000000       0x28 C:/Freescale/CW MCU v11.1/MCU/ARM_GCC_Support/ewl/lib/armv7e-m/fpu\libc.a(ctype_aeabi.o)
 .text.tolower  0x00000000        0xc C:/Freescale/CW MCU v11.1/MCU/ARM_GCC_Support/ewl/lib/armv7e-m/fpu\libc.a(ctype_aeabi.o)
 .text          0x00000000        0x0 C:/Freescale/CW MCU v11.1/MCU/ARM_GCC_Support/ewl/lib/armv7e-m/fpu\libc.a(__strtoul.o)
 .data          0x00000000        0x0 C:/Freescale/CW MCU v11.1/MCU/ARM_GCC_Support/ewl/lib/armv7e-m/fpu\libc.a(__strtoul.o)
 .bss           0x00000000        0x0 C:/Freescale/CW MCU v11.1/MCU/ARM_GCC_Support/ewl/lib/armv7e-m/fpu\libc.a(__strtoul.o)
 .text          0x00000000        0x0 C:/Freescale/CW MCU v11.1/MCU/ARM_GCC_Support/ewl/lib/armv7e-m/fpu\libc.a(strchr.o)
 .data          0x00000000        0x0 C:/Freescale/CW MCU v11.1/MCU/ARM_GCC_Support/ewl/lib/armv7e-m/fpu\libc.a(strchr.o)
 .bss           0x00000000        0x0 C:/Freescale/CW MCU v11.1/MCU/ARM_GCC_Support/ewl/lib/armv7e-m/fpu\libc.a(strchr.o)
 .text          0x00000000        0x0 C:/Freescale/CW MCU v11.1/MCU/ARM_GCC_Support/ewl/lib/armv7e-m/fpu\libc.a(strlen.o)
 .data          0x00000000        0x0 C:/Freescale/CW MCU v11.1/MCU/ARM_GCC_Support/ewl/lib/armv7e-m/fpu\libc.a(strlen.o)
 .bss           0x00000000        0x0 C:/Freescale/CW MCU v11.1/MCU/ARM_GCC_Support/ewl/lib/armv7e-m/fpu\libc.a(strlen.o)
 .text          0x00000000        0x0 C:/Freescale/CW MCU v11.1/MCU/ARM_GCC_Support/ewl/lib/armv7e-m/fpu\libc.a(memchr.o)
 .data          0x00000000        0x0 C:/Freescale/CW MCU v11.1/MCU/ARM_GCC_Support/ewl/lib/armv7e-m/fpu\libc.a(memchr.o)
 .bss           0x00000000        0x0 C:/Freescale/CW MCU v11.1/MCU/ARM_GCC_Support/ewl/lib/armv7e-m/fpu\libc.a(memchr.o)
 .text          0x00000000        0x0 C:/Freescale/CW MCU v11.1/MCU/ARM_GCC_Support/ewl/lib/armv7e-m/fpu\librt.a(gcc_ctor_dtor.o)
 .data          0x00000000        0x0 C:/Freescale/CW MCU v11.1/MCU/ARM_GCC_Support/ewl/lib/armv7e-m/fpu\librt.a(gcc_ctor_dtor.o)
 .bss           0x00000000        0x0 C:/Freescale/CW MCU v11.1/MCU/ARM_GCC_Support/ewl/lib/armv7e-m/fpu\librt.a(gcc_ctor_dtor.o)
 .bss.__dso_handle
                0x00000000        0x4 C:/Freescale/CW MCU v11.1/MCU/ARM_GCC_Support/ewl/lib/armv7e-m/fpu\librt.a(gcc_ctor_dtor.o)
 .text          0x00000000        0x0 C:/Freescale/CW MCU v11.1/MCU/ARM_GCC_Support/ewl/lib/armv7e-m/fpu\librt.a(__arm_eabi_init.o)
 .data          0x00000000        0x0 C:/Freescale/CW MCU v11.1/MCU/ARM_GCC_Support/ewl/lib/armv7e-m/fpu\librt.a(__arm_eabi_init.o)
 .bss           0x00000000        0x0 C:/Freescale/CW MCU v11.1/MCU/ARM_GCC_Support/ewl/lib/armv7e-m/fpu\librt.a(__arm_eabi_init.o)
 .text.__register_global_object
                0x00000000       0x14 C:/Freescale/CW MCU v11.1/MCU/ARM_GCC_Support/ewl/lib/armv7e-m/fpu\librt.a(__arm_eabi_init.o)
 .text.__cxa_atexit
                0x00000000       0x38 C:/Freescale/CW MCU v11.1/MCU/ARM_GCC_Support/ewl/lib/armv7e-m/fpu\librt.a(__arm_eabi_init.o)
 .text.__aeabi_atexit
                0x00000000        0xa C:/Freescale/CW MCU v11.1/MCU/ARM_GCC_Support/ewl/lib/armv7e-m/fpu\librt.a(__arm_eabi_init.o)
 .text.__register_atexit
                0x00000000        0x8 C:/Freescale/CW MCU v11.1/MCU/ARM_GCC_Support/ewl/lib/armv7e-m/fpu\librt.a(__arm_eabi_init.o)
 .text.__init_hardware
                0x00000000        0x4 C:/Freescale/CW MCU v11.1/MCU/ARM_GCC_Support/ewl/lib/armv7e-m/fpu\librt.a(__arm_eabi_init.o)
 .bss.atexit_curr_func
                0x00000000        0x4 C:/Freescale/CW MCU v11.1/MCU/ARM_GCC_Support/ewl/lib/armv7e-m/fpu\librt.a(__arm_eabi_init.o)
 .bss.atexit_funcs
                0x00000000      0x300 C:/Freescale/CW MCU v11.1/MCU/ARM_GCC_Support/ewl/lib/armv7e-m/fpu\librt.a(__arm_eabi_init.o)
 .text          0x00000000        0x0 C:/Freescale/CW MCU v11.1/MCU/ARM_GCC_Support/ewl/lib/armv7e-m/fpu\librt.a(ROMCopy.o)
 .data          0x00000000        0x0 C:/Freescale/CW MCU v11.1/MCU/ARM_GCC_Support/ewl/lib/armv7e-m/fpu\librt.a(ROMCopy.o)
 .bss           0x00000000        0x0 C:/Freescale/CW MCU v11.1/MCU/ARM_GCC_Support/ewl/lib/armv7e-m/fpu\librt.a(ROMCopy.o)
 .text.__flush_cache
                0x00000000        0x2 C:/Freescale/CW MCU v11.1/MCU/ARM_GCC_Support/ewl/lib/armv7e-m/fpu\librt.a(ROMCopy.o)

Memory Configuration

Name             Origin             Length             Attributes
m_interrupts     0x1fff0000         0x00000198         xr
m_text           0x1fff0198         0x0000fe68         xr
m_data           0x20000000         0x00030000         rw
*default*        0x00000000         0xffffffff

Linker script and memory map

LOAD ./Project_Settings/Startup_Code/kinetis_sysinit.o
LOAD ./Project_Settings/Startup_Code/__arm_start.o
LOAD ./Project_Settings/Startup_Code/__arm_end.o
LOAD ./Sources/main.o
LOAD ./Sources/helper_functions.o
LOAD ./Sources/buffer.o
LOAD ./Sources/Camera.o
                0x1fff0a44                __pformatter = __pformatter_
                [0x1fff0e3c]                __sformatter = __sformatter
START GROUP
LOAD C:/Freescale/CW MCU v11.1/MCU/ARM_GCC_Support/ewl/lib/armv7e-m/fpu\libc.a
LOAD C:/Freescale/CW MCU v11.1/MCU/ARM_GCC_Support/ewl/lib/armv7e-m/fpu\libm.a
LOAD c:/freescale/cw mcu v11.1/cross_tools/arm-none-eabi-gcc-4_7_3/bin/../lib/gcc/arm-none-eabi/4.7.3/armv7e-m/fpu\libgcc.a
LOAD C:/Freescale/CW MCU v11.1/MCU/ARM_GCC_Support/ewl/lib/armv7e-m/fpu\librt.a
LOAD C:/Freescale/CW MCU v11.1/MCU/ARM_GCC_Support/ewl/lib/armv7e-m/fpu\libuart.a
END GROUP
                0x20030000                _estack = 0x20030000
                0x20030000                __SP_INIT = _estack
                0x00000800                __heap_size = 0x800
                0x00000800                __stack_size = 0x800

.interrupts     0x1fff0000      0x198
                0x1fff0000                __vector_table = .
                0x1fff0000                . = ALIGN (0x4)
 *(.vectortable)
 .vectortable   0x1fff0000      0x198 ./Project_Settings/Startup_Code/kinetis_sysinit.o
                0x1fff0000                InterruptVector
                0x1fff0198                . = ALIGN (0x4)

.text           0x1fff0198     0x1894
                0x1fff0198                . = ALIGN (0x4)
 *(.text)
 *(.text*)
 .text.Default_Handler
                0x1fff0198        0xc ./Project_Settings/Startup_Code/kinetis_sysinit.o
                0x1fff0198                RTC_Alarm_IRQHandler
                0x1fff0198                CAN0_Rx_Warning_IRQHandler
                0x1fff0198                CAN0_Err_IRQHandler
                0x1fff0198                I2C0_IRQHandler
                0x1fff0198                HardFault_Handler
                0x1fff0198                PDB_IRQHandler
                0x1fff0198                SysTick_Handler
                0x1fff0198                PendSV_Handler
                0x1fff0198                NMI_Handler
                0x1fff0198                I2C1_IRQHandler
                0x1fff0198                UART3_Status_IRQHandler
                0x1fff0198                DMA2_IRQHandler
                0x1fff0198                PIT0_IRQHandler
                0x1fff0198                Watchdog_IRQHandler
                0x1fff0198                Bus_Fault_Handler
                0x1fff0198                CMP2_IRQHandler
                0x1fff0198                SWI_IRQHandler
                0x1fff0198                ADC0_IRQHandler
                0x1fff0198                ENET_MAC_Transmit_IRQHandler
                0x1fff0198                I2S0_Tx_IRQHandler
                0x1fff0198                CMT_IRQHandler
                0x1fff0198                UART1_Status_IRQHandler
                0x1fff0198                SPI1_IRQHandler
                0x1fff0198                DMA9_IRQHandler
                0x1fff0198                DMA14_IRQHandler
                0x1fff0198                CMP1_IRQHandler
                0x1fff0198                PORTD_IRQHandler
                0x1fff0198                PORTB_IRQHandler
                0x1fff0198                UART4_ERR_IRQHandler
                0x1fff0198                ADC1_IRQHandler
                0x1fff0198                I2C2_IRQHandler
                0x1fff0198                PIT2_IRQHandler
                0x1fff0198                I2S0_Rx_IRQHandler
                0x1fff0198                LPTimer_IRQHandler
                0x1fff0198                DMA5_IRQHandler
                0x1fff0198                FTM1_IRQHandler
                0x1fff0198                UART3_ERR_IRQHandler
                0x1fff0198                PIT3_IRQHandler
                0x1fff0198                SDHC_IRQHandler
                0x1fff0198                RTC_Seconds_IRQHandler
                0x1fff0198                MCG_IRQHandler
                0x1fff0198                ENET_MAC_Timer_IRQHandler
                0x1fff0198                UART2_ERR_IRQHandler
                0x1fff0198                DMA11_IRQHandler
                0x1fff0198                Tamper_Drylce_IRQHandler
                0x1fff0198                USB_OTG_IRQHandler
                0x1fff0198                Read_Collision_IRQHandler
                0x1fff0198                Default_Handler
                0x1fff0198                UART4_Status_IRQHandler
                0x1fff0198                DMA7_IRQHandler
                0x1fff0198                LLW_IRQHandler
                0x1fff0198                SPI2_IRQHandler
                0x1fff0198                USB_Charger_Detect_IRQHandler
                0x1fff0198                SVC_Handler
                0x1fff0198                Usage_Fault_Handler
                0x1fff0198                DMA13_IRQHandler
                0x1fff0198                DMA3_IRQHandler
                0x1fff0198                UART0_LON_IRQHandler
                0x1fff0198                RNG_IRQHandler
                0x1fff0198                DMA0_IRQHandler
                0x1fff0198                DMA15_IRQHandler
                0x1fff0198                DAC0_IRQHandler
                0x1fff0198                ENET_MAC_Error_IRQHandler
                0x1fff0198                DMA4_IRQHandler
                0x1fff0198                PIT1_IRQHandler
                0x1fff0198                UART0_ERR_IRQHandler
                0x1fff0198                DMA_Error_IRQHandler
                0x1fff0198                LVD_LVW_IRQHandler
                0x1fff0198                SPI0_IRQHandler
                0x1fff0198                CAN0_Tx_WarningIRQHandler
                0x1fff0198                FTM0_IRQHandler
                0x1fff0198                PORTA_IRQHandler
                0x1fff0198                DAC1_IRQHandler
                0x1fff0198                MCM_IRQHandler
                0x1fff0198                DMA12_IRQHandler
                0x1fff0198                Mem_Manage_Fault_Handler
                0x1fff0198                FTFL_IRQHandler
                0x1fff0198                CAN0_Bus_Off_IRQHandler
                0x1fff0198                FTM3_IRQHandler
                0x1fff0198                PORTE_IRQHandler
                0x1fff0198                CAN0_Message_buffer_IRQHandler
                0x1fff0198                FTM2_IRQHandler
                0x1fff0198                DMA8_IRQHandler
                0x1fff0198                DMA10_IRQHandler
                0x1fff0198                CAN0_Wake_Up_IRQHandler
                0x1fff0198                DebugMonitor_Handler
                0x1fff0198                UART1_ERR_IRQHandler
                0x1fff0198                CMP0_IRQHandler
                0x1fff0198                ENET_MAC_Receive_IRQHandler
                0x1fff0198                PORTC_IRQHandler
                0x1fff0198                DMA6_IRQHandler
                0x1fff0198                UART2_Status_IRQHandler
                0x1fff0198                DMA1_IRQHandler
 .text.__init_hardware
                0x1fff01a4       0x44 ./Project_Settings/Startup_Code/kinetis_sysinit.o
                0x1fff01a4                __init_hardware
 .text.zero_fill_bss
                0x1fff01e8       0x2c ./Project_Settings/Startup_Code/__arm_start.o
 .text.__thumb_startup
                0x1fff0214       0x34 ./Project_Settings/Startup_Code/__arm_start.o
                0x1fff0214                __thumb_startup
 .text._ExitProcess
                0x1fff0248        0xc ./Project_Settings/Startup_Code/__arm_end.o
                0x1fff0248                _ExitProcess
 .text.main     0x1fff0254       0x5c ./Sources/main.o
                0x1fff0254                main
 .text.UART0_Status_IRQHandler
                0x1fff02b0       0xe4 ./Sources/main.o
                0x1fff02b0                UART0_Status_IRQHandler
 .text._strlen  0x1fff0394       0x40 ./Sources/helper_functions.o
                0x1fff0394                _strlen
 .text.buffer_init
                0x1fff03d4       0x30 ./Sources/buffer.o
                0x1fff03d4                buffer_init
 .text.buffer_push
                0x1fff0404       0x40 ./Sources/buffer.o
                0x1fff0404                buffer_push
 .text.buffer_pop
                0x1fff0444       0x40 ./Sources/buffer.o
                0x1fff0444                buffer_pop
 .text.buffer_inc
                0x1fff0484       0x38 ./Sources/buffer.o
                0x1fff0484                buffer_inc
 .text.buffer_isempty
                0x1fff04bc       0x2c ./Sources/buffer.o
                0x1fff04bc                buffer_isempty
 .text.Camera_Parse_Byte
                0x1fff04e8       0x34 ./Sources/Camera.o
                0x1fff04e8                Camera_Parse_Byte
 .text.Camera_Parse_GetVersion
                0x1fff051c       0x60 ./Sources/Camera.o
                0x1fff051c                Camera_Parse_GetVersion
 .text.Camera_Init
                0x1fff057c       0x34 ./Sources/Camera.o
                0x1fff057c                Camera_Init
 .text.Camera_SetUART
                0x1fff05b0       0x44 ./Sources/Camera.o
                0x1fff05b0                Camera_SetUART
 .text.Camera_GetVersion
                0x1fff05f4       0x28 ./Sources/Camera.o
                0x1fff05f4                Camera_GetVersion
 .text.Camera_UART_SendString_Enable_Tx
                0x1fff061c       0x78 ./Sources/Camera.o
                0x1fff061c                Camera_UART_SendString_Enable_Tx
 .text.Camera_NVIC_SetPriority
                0x1fff0694       0x38 ./Sources/Camera.o
                0x1fff0694                Camera_NVIC_SetPriority
 .text.Camera_UART0_Init_USB
                0x1fff06cc      0x128 ./Sources/Camera.o
                0x1fff06cc                Camera_UART0_Init_USB
 .text.exit     0x1fff07f4       0x38 C:/Freescale/CW MCU v11.1/MCU/ARM_GCC_Support/ewl/lib/armv7e-m/fpu\libc.a(exit.o)
                0x1fff07f4                exit
 .text.memset   0x1fff082c        0xc C:/Freescale/CW MCU v11.1/MCU/ARM_GCC_Support/ewl/lib/armv7e-m/fpu\libc.a(memset.o)
                0x1fff082c                memset
 .text.__fill_mem
                0x1fff0838       0x76 C:/Freescale/CW MCU v11.1/MCU/ARM_GCC_Support/ewl/lib/armv7e-m/fpu\libc.a(__filll_mem.o)
                0x1fff0838                __fill_mem
 .text.long2str.isra.0
                0x1fff08ae      0x196 C:/Freescale/CW MCU v11.1/MCU/ARM_GCC_Support/ewl/lib/armv7e-m/fpu\libc.a(printformat_.o)
 .text.__pformatter_
                0x1fff0a44      0x3f8 C:/Freescale/CW MCU v11.1/MCU/ARM_GCC_Support/ewl/lib/armv7e-m/fpu\libc.a(printformat_.o)
                0x1fff0a44                __pformatter_
 .text.__sformatter
                0x1fff0e3c      0x6f4 C:/Freescale/CW MCU v11.1/MCU/ARM_GCC_Support/ewl/lib/armv7e-m/fpu\libc.a(scanformat_.o)
                0x1fff0e3c                __sformatter
 .text.isalpha  0x1fff1530       0x1c C:/Freescale/CW MCU v11.1/MCU/ARM_GCC_Support/ewl/lib/armv7e-m/fpu\libc.a(ctype_aeabi.o)
                0x1fff1530                isalpha
 .text.isspace  0x1fff154c       0x1c C:/Freescale/CW MCU v11.1/MCU/ARM_GCC_Support/ewl/lib/armv7e-m/fpu\libc.a(ctype_aeabi.o)
                0x1fff154c                isspace
 .text.toupper  0x1fff1568        0xc C:/Freescale/CW MCU v11.1/MCU/ARM_GCC_Support/ewl/lib/armv7e-m/fpu\libc.a(ctype_aeabi.o)
                0x1fff1568                toupper
 .text.__strtoul
                0x1fff1574      0x214 C:/Freescale/CW MCU v11.1/MCU/ARM_GCC_Support/ewl/lib/armv7e-m/fpu\libc.a(__strtoul.o)
                0x1fff1574                __strtoul
 .text.strchr   0x1fff1788       0x1a C:/Freescale/CW MCU v11.1/MCU/ARM_GCC_Support/ewl/lib/armv7e-m/fpu\libc.a(strchr.o)
                0x1fff1788                strchr
 .text.strlen   0x1fff17a2       0x10 C:/Freescale/CW MCU v11.1/MCU/ARM_GCC_Support/ewl/lib/armv7e-m/fpu\libc.a(strlen.o)
                0x1fff17a2                strlen
 .text.memchr   0x1fff17b2       0x18 C:/Freescale/CW MCU v11.1/MCU/ARM_GCC_Support/ewl/lib/armv7e-m/fpu\libc.a(memchr.o)
                0x1fff17b2                memchr
 *fill*         0x1fff17ca        0x2 00
 .text.__init_cpp
                0x1fff17cc       0x4c C:/Freescale/CW MCU v11.1/MCU/ARM_GCC_Support/ewl/lib/armv7e-m/fpu\librt.a(gcc_ctor_dtor.o)
                0x1fff17cc                __init_cpp
 .text.__fini_cpp
                0x1fff1818       0x34 C:/Freescale/CW MCU v11.1/MCU/ARM_GCC_Support/ewl/lib/armv7e-m/fpu\librt.a(gcc_ctor_dtor.o)
                0x1fff1818                __fini_cpp
 .text.__destroy_global_chain
                0x1fff184c       0x18 C:/Freescale/CW MCU v11.1/MCU/ARM_GCC_Support/ewl/lib/armv7e-m/fpu\librt.a(__arm_eabi_init.o)
                0x1fff184c                __destroy_global_chain
 .text.__init_registers
                0x1fff1864       0x24 C:/Freescale/CW MCU v11.1/MCU/ARM_GCC_Support/ewl/lib/armv7e-m/fpu\librt.a(__arm_eabi_init.o)
                0x1fff1864                __init_registers
 .text.__fp_init
                0x1fff1888       0x1c C:/Freescale/CW MCU v11.1/MCU/ARM_GCC_Support/ewl/lib/armv7e-m/fpu\librt.a(__arm_eabi_init.o)
                0x1fff1888                __fp_init
 .text.__init_user
                0x1fff18a4        0x4 C:/Freescale/CW MCU v11.1/MCU/ARM_GCC_Support/ewl/lib/armv7e-m/fpu\librt.a(__arm_eabi_init.o)
                0x1fff18a4                __init_user
 .text.__copy_rom_section
                0x1fff18a8       0x44 C:/Freescale/CW MCU v11.1/MCU/ARM_GCC_Support/ewl/lib/armv7e-m/fpu\librt.a(ROMCopy.o)
                0x1fff18a8                __copy_rom_section
 .text.__copy_rom_sections_to_ram
                0x1fff18ec       0x30 C:/Freescale/CW MCU v11.1/MCU/ARM_GCC_Support/ewl/lib/armv7e-m/fpu\librt.a(ROMCopy.o)
                0x1fff18ec                __copy_rom_sections_to_ram
 *(.rodata)
 .rodata        0x1fff191c        0x4 ./Sources/Camera.o
 *(.rodata*)
 .rodata.str1.1
                0x1fff1920        0x1 C:/Freescale/CW MCU v11.1/MCU/ARM_GCC_Support/ewl/lib/armv7e-m/fpu\libc.a(printformat_.o)
 .rodata.CSWTCH.20
                0x1fff1921        0x5 C:/Freescale/CW MCU v11.1/MCU/ARM_GCC_Support/ewl/lib/armv7e-m/fpu\libc.a(printformat_.o)
 .rodata.CSWTCH.21
                0x1fff1926        0x5 C:/Freescale/CW MCU v11.1/MCU/ARM_GCC_Support/ewl/lib/armv7e-m/fpu\libc.a(printformat_.o)
 .rodata.__aeabi_ctype_table_C
                0x1fff192b      0x101 C:/Freescale/CW MCU v11.1/MCU/ARM_GCC_Support/ewl/lib/armv7e-m/fpu\libc.a(ctype_aeabi.o)
                0x1fff192b                __aeabi_ctype_table_C
 *(.glue_7)
 .glue_7        0x00000000        0x0 linker stubs
 *(.glue_7t)
 .glue_7t       0x00000000        0x0 linker stubs
 *(.eh_frame)
 *(.init)
 *(.fini)
                0x1fff1a2c                . = ALIGN (0x4)
                0x1fff1a2c                _etext = .

.vfp11_veneer   0x1fff1a2c        0x0
 .vfp11_veneer  0x00000000        0x0 linker stubs

.v4_bx          0x1fff1a2c        0x0
 .v4_bx         0x00000000        0x0 linker stubs

.iplt           0x1fff1a2c        0x0
 .iplt          0x00000000        0x0 ./Project_Settings/Startup_Code/kinetis_sysinit.o

.rel.dyn        0x1fff1a2c        0x0
 .rel.iplt      0x00000000        0x0 ./Project_Settings/Startup_Code/kinetis_sysinit.o

.ARM.extab
 *(.ARM.extab* .gnu.linkonce.armextab.*)

.ARM            0x1fff1a2c        0x0
                0x1fff1a2c                __exidx_start = .
 *(.ARM.exidx*)
                0x1fff1a2c                __exidx_end = .

.ctors          0x1fff1a2c        0x0
                0x1fff1a2c                __CTOR_LIST__ = .
 *crtbegin.o(.ctors)
 *(EXCLUDE_FILE(*crtend.o) .ctors)
 *(SORT(.ctors.*))
 *(.ctors)
                0x1fff1a2c                __CTOR_END__ = .

.dtors          0x1fff1a2c        0x0
                0x1fff1a2c                __DTOR_LIST__ = .
 *crtbegin.o(.dtors)
 *(EXCLUDE_FILE(*crtend.o) .dtors)
 *(SORT(.dtors.*))
 *(.dtors)
                0x1fff1a2c                __DTOR_END__ = .

.preinit_array  0x1fff1a2c        0x0
                0x1fff1a2c                PROVIDE (__preinit_array_start, .)
 *(.preinit_array*)
                0x1fff1a2c                PROVIDE (__preinit_array_end, .)

.init_array     0x1fff1a2c        0x0
                0x1fff1a2c                PROVIDE (__init_array_start, .)
 *(SORT(.init_array.*))
 *(.init_array*)
                0x1fff1a2c                PROVIDE (__init_array_end, .)

.fini_array     0x1fff1a2c        0x0
                0x1fff1a2c                PROVIDE (__fini_array_start, .)
 *(SORT(.fini_array.*))
 *(.fini_array*)
                0x1fff1a2c                PROVIDE (__fini_array_end, .)

.data           0x20000000        0x0
                0x20000000                . = ALIGN (0x4)
                0x20000000                _sdata = .
 *(.data)
 *(.data*)
                0x20000000                . = ALIGN (0x4)
                0x20000000                _edata = .

.igot.plt       0x20000000        0x0
 .igot.plt      0x00000000        0x0 ./Project_Settings/Startup_Code/kinetis_sysinit.o
                0x20000000                . = ALIGN (0x4)

.bss            0x20000000      0x348
                0x20000000                __START_BSS = .
                0x20000000                PROVIDE (__bss_start__, __START_BSS)
 *(.bss)
 *(.bss*)
 .bss.argv      0x20000000        0x4 ./Project_Settings/Startup_Code/__arm_start.o
 .bss.__stdio_exit
                0x20000004        0x4 C:/Freescale/CW MCU v11.1/MCU/ARM_GCC_Support/ewl/lib/armv7e-m/fpu\libc.a(exit.o)
                0x20000004                __stdio_exit
 .bss.__console_exit
                0x20000008        0x4 C:/Freescale/CW MCU v11.1/MCU/ARM_GCC_Support/ewl/lib/armv7e-m/fpu\libc.a(exit.o)
                0x20000008                __console_exit
 .bss.__global_destructor_chain
                0x2000000c        0x4 C:/Freescale/CW MCU v11.1/MCU/ARM_GCC_Support/ewl/lib/armv7e-m/fpu\librt.a(__arm_eabi_init.o)
                0x2000000c                __global_destructor_chain
 .bss.__S_romp  0x20000010        0xc C:/Freescale/CW MCU v11.1/MCU/ARM_GCC_Support/ewl/lib/armv7e-m/fpu\librt.a(ROMCopy.o)
 *(COMMON)
 COMMON         0x2000001c      0x32c ./Sources/main.o
                0x2000001c                camera
                0x20000344                camera_pt
                0x20000348                . = ALIGN (0x4)
                0x20000348                __END_BSS = .
                0x20000348                PROVIDE (__bss_end__, __END_BSS)

._user_heap_stack
                0x20000348     0x1000
                0x20000348                . = ALIGN (0x4)
                0x20000348                PROVIDE (end, .)
                0x20000348                PROVIDE (_end, .)
                0x20000348                __heap_addr = .
                0x20000b48                . = (. + __heap_size)
 *fill*         0x20000348      0x800 00
                0x20001348                . = (. + __stack_size)
 *fill*         0x20000b48      0x800 00
                0x20001348                . = ALIGN (0x4)
                0x00000000                __S_romp = 0x0

.ARM.attributes
                0x00000000       0x3b
 *(.ARM.attributes)
 .ARM.attributes
                0x00000000       0x3b ./Project_Settings/Startup_Code/kinetis_sysinit.o
 .ARM.attributes
                0x0000003b       0x3b ./Project_Settings/Startup_Code/__arm_start.o
 .ARM.attributes
                0x00000076       0x3b ./Project_Settings/Startup_Code/__arm_end.o
 .ARM.attributes
                0x000000b1       0x3b ./Sources/main.o
 .ARM.attributes
                0x000000ec       0x3b ./Sources/helper_functions.o
 .ARM.attributes
                0x00000127       0x3b ./Sources/buffer.o
 .ARM.attributes
                0x00000162       0x3b ./Sources/Camera.o
 .ARM.attributes
                0x0000019d       0x3b C:/Freescale/CW MCU v11.1/MCU/ARM_GCC_Support/ewl/lib/armv7e-m/fpu\libc.a(exit.o)
 .ARM.attributes
                0x000001d8       0x3b C:/Freescale/CW MCU v11.1/MCU/ARM_GCC_Support/ewl/lib/armv7e-m/fpu\libc.a(memset.o)
 .ARM.attributes
                0x00000213       0x3b C:/Freescale/CW MCU v11.1/MCU/ARM_GCC_Support/ewl/lib/armv7e-m/fpu\libc.a(__filll_mem.o)
 .ARM.attributes
                0x0000024e       0x3b C:/Freescale/CW MCU v11.1/MCU/ARM_GCC_Support/ewl/lib/armv7e-m/fpu\libc.a(printformat_.o)
 .ARM.attributes
                0x00000289       0x3b C:/Freescale/CW MCU v11.1/MCU/ARM_GCC_Support/ewl/lib/armv7e-m/fpu\libc.a(scanformat_.o)
 .ARM.attributes
                0x000002c4       0x3b C:/Freescale/CW MCU v11.1/MCU/ARM_GCC_Support/ewl/lib/armv7e-m/fpu\libc.a(ctype_aeabi.o)
 .ARM.attributes
                0x000002ff       0x3b C:/Freescale/CW MCU v11.1/MCU/ARM_GCC_Support/ewl/lib/armv7e-m/fpu\libc.a(__strtoul.o)
 .ARM.attributes
                0x0000033a       0x3b C:/Freescale/CW MCU v11.1/MCU/ARM_GCC_Support/ewl/lib/armv7e-m/fpu\libc.a(strchr.o)
 .ARM.attributes
                0x00000375       0x3b C:/Freescale/CW MCU v11.1/MCU/ARM_GCC_Support/ewl/lib/armv7e-m/fpu\libc.a(strlen.o)
 .ARM.attributes
                0x000003b0       0x3b C:/Freescale/CW MCU v11.1/MCU/ARM_GCC_Support/ewl/lib/armv7e-m/fpu\libc.a(memchr.o)
 .ARM.attributes
                0x000003eb       0x3b C:/Freescale/CW MCU v11.1/MCU/ARM_GCC_Support/ewl/lib/armv7e-m/fpu\librt.a(gcc_ctor_dtor.o)
 .ARM.attributes
                0x00000426       0x3b C:/Freescale/CW MCU v11.1/MCU/ARM_GCC_Support/ewl/lib/armv7e-m/fpu\librt.a(__arm_eabi_init.o)
 .ARM.attributes
                0x00000461       0x3b C:/Freescale/CW MCU v11.1/MCU/ARM_GCC_Support/ewl/lib/armv7e-m/fpu\librt.a(ROMCopy.o)
OUTPUT(Serial-TTL-Camera-VC0706-Snapshot.elf elf32-littlearm)

.debug_info     0x00000000     0x3432
 .debug_info    0x00000000      0x387 ./Project_Settings/Startup_Code/kinetis_sysinit.o
 .debug_info    0x00000387      0x12a ./Project_Settings/Startup_Code/__arm_start.o
 .debug_info    0x000004b1       0x54 ./Project_Settings/Startup_Code/__arm_end.o
 .debug_info    0x00000505      0x465 ./Sources/main.o
 .debug_info    0x0000096a      0x2f9 ./Sources/helper_functions.o
 .debug_info    0x00000c63      0x269 ./Sources/buffer.o
 .debug_info    0x00000ecc      0xa4d ./Sources/Camera.o
 .debug_info    0x00001919       0xe8 C:/Freescale/CW MCU v11.1/MCU/ARM_GCC_Support/ewl/lib/armv7e-m/fpu\libc.a(exit.o)
 .debug_info    0x00001a01       0xec C:/Freescale/CW MCU v11.1/MCU/ARM_GCC_Support/ewl/lib/armv7e-m/fpu\libc.a(memset.o)
 .debug_info    0x00001aed      0x135 C:/Freescale/CW MCU v11.1/MCU/ARM_GCC_Support/ewl/lib/armv7e-m/fpu\libc.a(__filll_mem.o)
 .debug_info    0x00001c22      0x50e C:/Freescale/CW MCU v11.1/MCU/ARM_GCC_Support/ewl/lib/armv7e-m/fpu\libc.a(printformat_.o)
 .debug_info    0x00002130      0x565 C:/Freescale/CW MCU v11.1/MCU/ARM_GCC_Support/ewl/lib/armv7e-m/fpu\libc.a(scanformat_.o)
 .debug_info    0x00002695      0x306 C:/Freescale/CW MCU v11.1/MCU/ARM_GCC_Support/ewl/lib/armv7e-m/fpu\libc.a(ctype_aeabi.o)
 .debug_info    0x0000299b      0x1d6 C:/Freescale/CW MCU v11.1/MCU/ARM_GCC_Support/ewl/lib/armv7e-m/fpu\libc.a(__strtoul.o)
 .debug_info    0x00002b71      0x108 C:/Freescale/CW MCU v11.1/MCU/ARM_GCC_Support/ewl/lib/armv7e-m/fpu\libc.a(strchr.o)
 .debug_info    0x00002c79       0xeb C:/Freescale/CW MCU v11.1/MCU/ARM_GCC_Support/ewl/lib/armv7e-m/fpu\libc.a(strlen.o)
 .debug_info    0x00002d64      0x120 C:/Freescale/CW MCU v11.1/MCU/ARM_GCC_Support/ewl/lib/armv7e-m/fpu\libc.a(memchr.o)
 .debug_info    0x00002e84      0x136 C:/Freescale/CW MCU v11.1/MCU/ARM_GCC_Support/ewl/lib/armv7e-m/fpu\librt.a(gcc_ctor_dtor.o)
 .debug_info    0x00002fba      0x2de C:/Freescale/CW MCU v11.1/MCU/ARM_GCC_Support/ewl/lib/armv7e-m/fpu\librt.a(__arm_eabi_init.o)
 .debug_info    0x00003298      0x19a C:/Freescale/CW MCU v11.1/MCU/ARM_GCC_Support/ewl/lib/armv7e-m/fpu\librt.a(ROMCopy.o)

.debug_abbrev   0x00000000     0x1211
 .debug_abbrev  0x00000000       0xf6 ./Project_Settings/Startup_Code/kinetis_sysinit.o
 .debug_abbrev  0x000000f6       0x92 ./Project_Settings/Startup_Code/__arm_start.o
 .debug_abbrev  0x00000188       0x4c ./Project_Settings/Startup_Code/__arm_end.o
 .debug_abbrev  0x000001d4      0x138 ./Sources/main.o
 .debug_abbrev  0x0000030c       0xcf ./Sources/helper_functions.o
 .debug_abbrev  0x000003db       0xf8 ./Sources/buffer.o
 .debug_abbrev  0x000004d3      0x161 ./Sources/Camera.o
 .debug_abbrev  0x00000634       0x7a C:/Freescale/CW MCU v11.1/MCU/ARM_GCC_Support/ewl/lib/armv7e-m/fpu\libc.a(exit.o)
 .debug_abbrev  0x000006ae       0x62 C:/Freescale/CW MCU v11.1/MCU/ARM_GCC_Support/ewl/lib/armv7e-m/fpu\libc.a(memset.o)
 .debug_abbrev  0x00000710       0x87 C:/Freescale/CW MCU v11.1/MCU/ARM_GCC_Support/ewl/lib/armv7e-m/fpu\libc.a(__filll_mem.o)
 .debug_abbrev  0x00000797      0x200 C:/Freescale/CW MCU v11.1/MCU/ARM_GCC_Support/ewl/lib/armv7e-m/fpu\libc.a(printformat_.o)
 .debug_abbrev  0x00000997      0x1f0 C:/Freescale/CW MCU v11.1/MCU/ARM_GCC_Support/ewl/lib/armv7e-m/fpu\libc.a(scanformat_.o)
 .debug_abbrev  0x00000b87       0x85 C:/Freescale/CW MCU v11.1/MCU/ARM_GCC_Support/ewl/lib/armv7e-m/fpu\libc.a(ctype_aeabi.o)
 .debug_abbrev  0x00000c0c       0xc2 C:/Freescale/CW MCU v11.1/MCU/ARM_GCC_Support/ewl/lib/armv7e-m/fpu\libc.a(__strtoul.o)
 .debug_abbrev  0x00000cce       0x89 C:/Freescale/CW MCU v11.1/MCU/ARM_GCC_Support/ewl/lib/armv7e-m/fpu\libc.a(strchr.o)
 .debug_abbrev  0x00000d57       0x7a C:/Freescale/CW MCU v11.1/MCU/ARM_GCC_Support/ewl/lib/armv7e-m/fpu\libc.a(strlen.o)
 .debug_abbrev  0x00000dd1       0x95 C:/Freescale/CW MCU v11.1/MCU/ARM_GCC_Support/ewl/lib/armv7e-m/fpu\libc.a(memchr.o)
 .debug_abbrev  0x00000e66       0x99 C:/Freescale/CW MCU v11.1/MCU/ARM_GCC_Support/ewl/lib/armv7e-m/fpu\librt.a(gcc_ctor_dtor.o)
 .debug_abbrev  0x00000eff      0x1db C:/Freescale/CW MCU v11.1/MCU/ARM_GCC_Support/ewl/lib/armv7e-m/fpu\librt.a(__arm_eabi_init.o)
 .debug_abbrev  0x000010da      0x137 C:/Freescale/CW MCU v11.1/MCU/ARM_GCC_Support/ewl/lib/armv7e-m/fpu\librt.a(ROMCopy.o)

.debug_loc      0x00000000     0x249b
 .debug_loc     0x00000000       0x58 ./Project_Settings/Startup_Code/kinetis_sysinit.o
 .debug_loc     0x00000058       0x2c ./Project_Settings/Startup_Code/__arm_start.o
 .debug_loc     0x00000084       0x38 ./Project_Settings/Startup_Code/__arm_end.o
 .debug_loc     0x000000bc       0x64 ./Sources/main.o
 .debug_loc     0x00000120      0x188 ./Sources/helper_functions.o
 .debug_loc     0x000002a8      0x188 ./Sources/buffer.o
 .debug_loc     0x00000430      0x224 ./Sources/Camera.o
 .debug_loc     0x00000654       0x3e C:/Freescale/CW MCU v11.1/MCU/ARM_GCC_Support/ewl/lib/armv7e-m/fpu\libc.a(exit.o)
 .debug_loc     0x00000692       0x64 C:/Freescale/CW MCU v11.1/MCU/ARM_GCC_Support/ewl/lib/armv7e-m/fpu\libc.a(memset.o)
 .debug_loc     0x000006f6      0x12c C:/Freescale/CW MCU v11.1/MCU/ARM_GCC_Support/ewl/lib/armv7e-m/fpu\libc.a(__filll_mem.o)
 .debug_loc     0x00000822      0xbdc C:/Freescale/CW MCU v11.1/MCU/ARM_GCC_Support/ewl/lib/armv7e-m/fpu\libc.a(printformat_.o)
 .debug_loc     0x000013fe      0x8b6 C:/Freescale/CW MCU v11.1/MCU/ARM_GCC_Support/ewl/lib/armv7e-m/fpu\libc.a(scanformat_.o)
 .debug_loc     0x00001cb4      0x18e C:/Freescale/CW MCU v11.1/MCU/ARM_GCC_Support/ewl/lib/armv7e-m/fpu\libc.a(ctype_aeabi.o)
 .debug_loc     0x00001e42      0x2bb C:/Freescale/CW MCU v11.1/MCU/ARM_GCC_Support/ewl/lib/armv7e-m/fpu\libc.a(__strtoul.o)
 .debug_loc     0x000020fd       0x7c C:/Freescale/CW MCU v11.1/MCU/ARM_GCC_Support/ewl/lib/armv7e-m/fpu\libc.a(strchr.o)
 .debug_loc     0x00002179       0x26 C:/Freescale/CW MCU v11.1/MCU/ARM_GCC_Support/ewl/lib/armv7e-m/fpu\libc.a(strlen.o)
 .debug_loc     0x0000219f       0x62 C:/Freescale/CW MCU v11.1/MCU/ARM_GCC_Support/ewl/lib/armv7e-m/fpu\libc.a(memchr.o)
 .debug_loc     0x00002201       0x9d C:/Freescale/CW MCU v11.1/MCU/ARM_GCC_Support/ewl/lib/armv7e-m/fpu\librt.a(gcc_ctor_dtor.o)
 .debug_loc     0x0000229e      0x144 C:/Freescale/CW MCU v11.1/MCU/ARM_GCC_Support/ewl/lib/armv7e-m/fpu\librt.a(__arm_eabi_init.o)
 .debug_loc     0x000023e2       0xb9 C:/Freescale/CW MCU v11.1/MCU/ARM_GCC_Support/ewl/lib/armv7e-m/fpu\librt.a(ROMCopy.o)

.debug_aranges  0x00000000      0x410
 .debug_aranges
                0x00000000       0x28 ./Project_Settings/Startup_Code/kinetis_sysinit.o
 .debug_aranges
                0x00000028       0x30 ./Project_Settings/Startup_Code/__arm_start.o
 .debug_aranges
                0x00000058       0x20 ./Project_Settings/Startup_Code/__arm_end.o
 .debug_aranges
                0x00000078       0x28 ./Sources/main.o
 .debug_aranges
                0x000000a0       0x50 ./Sources/helper_functions.o
 .debug_aranges
                0x000000f0       0x50 ./Sources/buffer.o
 .debug_aranges
                0x00000140       0x68 ./Sources/Camera.o
 .debug_aranges
                0x000001a8       0x20 C:/Freescale/CW MCU v11.1/MCU/ARM_GCC_Support/ewl/lib/armv7e-m/fpu\libc.a(exit.o)
 .debug_aranges
                0x000001c8       0x20 C:/Freescale/CW MCU v11.1/MCU/ARM_GCC_Support/ewl/lib/armv7e-m/fpu\libc.a(memset.o)
 .debug_aranges
                0x000001e8       0x20 C:/Freescale/CW MCU v11.1/MCU/ARM_GCC_Support/ewl/lib/armv7e-m/fpu\libc.a(__filll_mem.o)
 .debug_aranges
                0x00000208       0x28 C:/Freescale/CW MCU v11.1/MCU/ARM_GCC_Support/ewl/lib/armv7e-m/fpu\libc.a(printformat_.o)
 .debug_aranges
                0x00000230       0x20 C:/Freescale/CW MCU v11.1/MCU/ARM_GCC_Support/ewl/lib/armv7e-m/fpu\libc.a(scanformat_.o)
 .debug_aranges
                0x00000250       0x88 C:/Freescale/CW MCU v11.1/MCU/ARM_GCC_Support/ewl/lib/armv7e-m/fpu\libc.a(ctype_aeabi.o)
 .debug_aranges
                0x000002d8       0x20 C:/Freescale/CW MCU v11.1/MCU/ARM_GCC_Support/ewl/lib/armv7e-m/fpu\libc.a(__strtoul.o)
 .debug_aranges
                0x000002f8       0x20 C:/Freescale/CW MCU v11.1/MCU/ARM_GCC_Support/ewl/lib/armv7e-m/fpu\libc.a(strchr.o)
 .debug_aranges
                0x00000318       0x20 C:/Freescale/CW MCU v11.1/MCU/ARM_GCC_Support/ewl/lib/armv7e-m/fpu\libc.a(strlen.o)
 .debug_aranges
                0x00000338       0x20 C:/Freescale/CW MCU v11.1/MCU/ARM_GCC_Support/ewl/lib/armv7e-m/fpu\libc.a(memchr.o)
 .debug_aranges
                0x00000358       0x28 C:/Freescale/CW MCU v11.1/MCU/ARM_GCC_Support/ewl/lib/armv7e-m/fpu\librt.a(gcc_ctor_dtor.o)
 .debug_aranges
                0x00000380       0x60 C:/Freescale/CW MCU v11.1/MCU/ARM_GCC_Support/ewl/lib/armv7e-m/fpu\librt.a(__arm_eabi_init.o)
 .debug_aranges
                0x000003e0       0x30 C:/Freescale/CW MCU v11.1/MCU/ARM_GCC_Support/ewl/lib/armv7e-m/fpu\librt.a(ROMCopy.o)

.debug_macinfo  0x00000000   0x1f05ea
 .debug_macinfo
                0x00000000    0x61d23 ./Project_Settings/Startup_Code/kinetis_sysinit.o
 .debug_macinfo
                0x00061d23     0x3f41 ./Project_Settings/Startup_Code/__arm_start.o
 .debug_macinfo
                0x00065c64     0x352a ./Project_Settings/Startup_Code/__arm_end.o
 .debug_macinfo
                0x0006918e    0x61d66 ./Sources/main.o
 .debug_macinfo
                0x000caef4    0x61cd8 ./Sources/helper_functions.o
 .debug_macinfo
                0x0012cbcc    0x61cc0 ./Sources/buffer.o
 .debug_macinfo
                0x0018e88c    0x61d5e ./Sources/Camera.o

.debug_line     0x00000000     0x1f9a
 .debug_line    0x00000000      0x231 ./Project_Settings/Startup_Code/kinetis_sysinit.o
 .debug_line    0x00000231      0x2b4 ./Project_Settings/Startup_Code/__arm_start.o
 .debug_line    0x000004e5      0x265 ./Project_Settings/Startup_Code/__arm_end.o
 .debug_line    0x0000074a      0x235 ./Sources/main.o
 .debug_line    0x0000097f      0x2ba ./Sources/helper_functions.o
 .debug_line    0x00000c39      0x264 ./Sources/buffer.o
 .debug_line    0x00000e9d      0x2e2 ./Sources/Camera.o
 .debug_line    0x0000117f       0x94 C:/Freescale/CW MCU v11.1/MCU/ARM_GCC_Support/ewl/lib/armv7e-m/fpu\libc.a(exit.o)
 .debug_line    0x00001213       0x8f C:/Freescale/CW MCU v11.1/MCU/ARM_GCC_Support/ewl/lib/armv7e-m/fpu\libc.a(memset.o)
 .debug_line    0x000012a2       0xcd C:/Freescale/CW MCU v11.1/MCU/ARM_GCC_Support/ewl/lib/armv7e-m/fpu\libc.a(__filll_mem.o)
 .debug_line    0x0000136f      0x2b4 C:/Freescale/CW MCU v11.1/MCU/ARM_GCC_Support/ewl/lib/armv7e-m/fpu\libc.a(printformat_.o)
 .debug_line    0x00001623      0x2df C:/Freescale/CW MCU v11.1/MCU/ARM_GCC_Support/ewl/lib/armv7e-m/fpu\libc.a(scanformat_.o)
 .debug_line    0x00001902      0x1a9 C:/Freescale/CW MCU v11.1/MCU/ARM_GCC_Support/ewl/lib/armv7e-m/fpu\libc.a(ctype_aeabi.o)
 .debug_line    0x00001aab      0x11b C:/Freescale/CW MCU v11.1/MCU/ARM_GCC_Support/ewl/lib/armv7e-m/fpu\libc.a(__strtoul.o)
 .debug_line    0x00001bc6       0x7d C:/Freescale/CW MCU v11.1/MCU/ARM_GCC_Support/ewl/lib/armv7e-m/fpu\libc.a(strchr.o)
 .debug_line    0x00001c43       0x83 C:/Freescale/CW MCU v11.1/MCU/ARM_GCC_Support/ewl/lib/armv7e-m/fpu\libc.a(strlen.o)
 .debug_line    0x00001cc6       0x9f C:/Freescale/CW MCU v11.1/MCU/ARM_GCC_Support/ewl/lib/armv7e-m/fpu\libc.a(memchr.o)
 .debug_line    0x00001d65       0x67 C:/Freescale/CW MCU v11.1/MCU/ARM_GCC_Support/ewl/lib/armv7e-m/fpu\librt.a(gcc_ctor_dtor.o)
 .debug_line    0x00001dcc      0x125 C:/Freescale/CW MCU v11.1/MCU/ARM_GCC_Support/ewl/lib/armv7e-m/fpu\librt.a(__arm_eabi_init.o)
 .debug_line    0x00001ef1       0xa9 C:/Freescale/CW MCU v11.1/MCU/ARM_GCC_Support/ewl/lib/armv7e-m/fpu\librt.a(ROMCopy.o)

.debug_str      0x00000000     0x10f0
 .debug_str     0x00000000      0x287 ./Project_Settings/Startup_Code/kinetis_sysinit.o
                                0x2ae (size before relaxing)
 .debug_str     0x00000287       0x85 ./Project_Settings/Startup_Code/__arm_start.o
                                0x1af (size before relaxing)
 .debug_str     0x0000030c       0x41 ./Project_Settings/Startup_Code/__arm_end.o
                                 0xe6 (size before relaxing)
 .debug_str     0x0000034d      0x1d3 ./Sources/main.o
                                0x320 (size before relaxing)
 .debug_str     0x00000520       0xa8 ./Sources/helper_functions.o
                                0x1e5 (size before relaxing)
 .debug_str     0x000005c8       0x77 ./Sources/buffer.o
                                0x1cb (size before relaxing)
 .debug_str     0x0000063f      0x247 ./Sources/Camera.o
                                0x53e (size before relaxing)
 .debug_str     0x00000886       0x5a C:/Freescale/CW MCU v11.1/MCU/ARM_GCC_Support/ewl/lib/armv7e-m/fpu\libc.a(exit.o)
                                0x157 (size before relaxing)
 .debug_str     0x000008e0       0x23 C:/Freescale/CW MCU v11.1/MCU/ARM_GCC_Support/ewl/lib/armv7e-m/fpu\libc.a(memset.o)
                                0x140 (size before relaxing)
 .debug_str     0x00000903       0x2d C:/Freescale/CW MCU v11.1/MCU/ARM_GCC_Support/ewl/lib/armv7e-m/fpu\libc.a(__filll_mem.o)
                                0x152 (size before relaxing)
 .debug_str     0x00000930      0x22e C:/Freescale/CW MCU v11.1/MCU/ARM_GCC_Support/ewl/lib/armv7e-m/fpu\libc.a(printformat_.o)
                                0x3b3 (size before relaxing)
 .debug_str     0x00000b5e      0x184 C:/Freescale/CW MCU v11.1/MCU/ARM_GCC_Support/ewl/lib/armv7e-m/fpu\libc.a(scanformat_.o)
                                0x3f9 (size before relaxing)
 .debug_str     0x00000ce2       0x9d C:/Freescale/CW MCU v11.1/MCU/ARM_GCC_Support/ewl/lib/armv7e-m/fpu\libc.a(ctype_aeabi.o)
                                0x1bc (size before relaxing)
 .debug_str     0x00000d7f       0x5b C:/Freescale/CW MCU v11.1/MCU/ARM_GCC_Support/ewl/lib/armv7e-m/fpu\libc.a(__strtoul.o)
                                0x1fb (size before relaxing)
 .debug_str     0x00000dda       0x1c C:/Freescale/CW MCU v11.1/MCU/ARM_GCC_Support/ewl/lib/armv7e-m/fpu\libc.a(strchr.o)
                                0x137 (size before relaxing)
 .debug_str     0x00000df6       0x15 C:/Freescale/CW MCU v11.1/MCU/ARM_GCC_Support/ewl/lib/armv7e-m/fpu\libc.a(strlen.o)
                                0x140 (size before relaxing)
 .debug_str     0x00000e0b       0x1c C:/Freescale/CW MCU v11.1/MCU/ARM_GCC_Support/ewl/lib/armv7e-m/fpu\libc.a(memchr.o)
                                0x148 (size before relaxing)
 .debug_str     0x00000e27      0x126 C:/Freescale/CW MCU v11.1/MCU/ARM_GCC_Support/ewl/lib/armv7e-m/fpu\librt.a(gcc_ctor_dtor.o)
                                0x181 (size before relaxing)
 .debug_str     0x00000f4d      0x102 C:/Freescale/CW MCU v11.1/MCU/ARM_GCC_Support/ewl/lib/armv7e-m/fpu\librt.a(__arm_eabi_init.o)
                                0x1bf (size before relaxing)
 .debug_str     0x0000104f       0xa1 C:/Freescale/CW MCU v11.1/MCU/ARM_GCC_Support/ewl/lib/armv7e-m/fpu\librt.a(ROMCopy.o)
                                0x13c (size before relaxing)

.comment        0x00000000       0x79
 .comment       0x00000000       0x79 ./Project_Settings/Startup_Code/kinetis_sysinit.o
                                 0x7a (size before relaxing)
 .comment       0x00000000       0x7a ./Project_Settings/Startup_Code/__arm_start.o
 .comment       0x00000000       0x7a ./Project_Settings/Startup_Code/__arm_end.o
 .comment       0x00000000       0x7a ./Sources/main.o
 .comment       0x00000000       0x7a ./Sources/helper_functions.o
 .comment       0x00000000       0x7a ./Sources/buffer.o
 .comment       0x00000000       0x7a ./Sources/Camera.o
 .comment       0x00000000       0x7a C:/Freescale/CW MCU v11.1/MCU/ARM_GCC_Support/ewl/lib/armv7e-m/fpu\libc.a(exit.o)
 .comment       0x00000000       0x7a C:/Freescale/CW MCU v11.1/MCU/ARM_GCC_Support/ewl/lib/armv7e-m/fpu\libc.a(memset.o)
 .comment       0x00000000       0x7a C:/Freescale/CW MCU v11.1/MCU/ARM_GCC_Support/ewl/lib/armv7e-m/fpu\libc.a(__filll_mem.o)
 .comment       0x00000000       0x7a C:/Freescale/CW MCU v11.1/MCU/ARM_GCC_Support/ewl/lib/armv7e-m/fpu\libc.a(printformat_.o)
 .comment       0x00000000       0x7a C:/Freescale/CW MCU v11.1/MCU/ARM_GCC_Support/ewl/lib/armv7e-m/fpu\libc.a(scanformat_.o)
 .comment       0x00000000       0x7a C:/Freescale/CW MCU v11.1/MCU/ARM_GCC_Support/ewl/lib/armv7e-m/fpu\libc.a(ctype_aeabi.o)
 .comment       0x00000000       0x7a C:/Freescale/CW MCU v11.1/MCU/ARM_GCC_Support/ewl/lib/armv7e-m/fpu\libc.a(__strtoul.o)
 .comment       0x00000000       0x7a C:/Freescale/CW MCU v11.1/MCU/ARM_GCC_Support/ewl/lib/armv7e-m/fpu\libc.a(strchr.o)
 .comment       0x00000000       0x7a C:/Freescale/CW MCU v11.1/MCU/ARM_GCC_Support/ewl/lib/armv7e-m/fpu\libc.a(strlen.o)
 .comment       0x00000000       0x7a C:/Freescale/CW MCU v11.1/MCU/ARM_GCC_Support/ewl/lib/armv7e-m/fpu\libc.a(memchr.o)
 .comment       0x00000000       0x7a C:/Freescale/CW MCU v11.1/MCU/ARM_GCC_Support/ewl/lib/armv7e-m/fpu\librt.a(gcc_ctor_dtor.o)
 .comment       0x00000000       0x7a C:/Freescale/CW MCU v11.1/MCU/ARM_GCC_Support/ewl/lib/armv7e-m/fpu\librt.a(__arm_eabi_init.o)
 .comment       0x00000000       0x7a C:/Freescale/CW MCU v11.1/MCU/ARM_GCC_Support/ewl/lib/armv7e-m/fpu\librt.a(ROMCopy.o)

.debug_frame    0x00000000      0x7ec
 .debug_frame   0x00000000       0x40 ./Project_Settings/Startup_Code/kinetis_sysinit.o
 .debug_frame   0x00000040       0x4c ./Project_Settings/Startup_Code/__arm_start.o
 .debug_frame   0x0000008c       0x2c ./Project_Settings/Startup_Code/__arm_end.o
 .debug_frame   0x000000b8       0x4c ./Sources/main.o
 .debug_frame   0x00000104       0xdc ./Sources/helper_functions.o
 .debug_frame   0x000001e0       0xe0 ./Sources/buffer.o
 .debug_frame   0x000002c0      0x140 ./Sources/Camera.o
 .debug_frame   0x00000400       0x28 C:/Freescale/CW MCU v11.1/MCU/ARM_GCC_Support/ewl/lib/armv7e-m/fpu\libc.a(exit.o)
 .debug_frame   0x00000428       0x28 C:/Freescale/CW MCU v11.1/MCU/ARM_GCC_Support/ewl/lib/armv7e-m/fpu\libc.a(memset.o)
 .debug_frame   0x00000450       0x2c C:/Freescale/CW MCU v11.1/MCU/ARM_GCC_Support/ewl/lib/armv7e-m/fpu\libc.a(__filll_mem.o)
 .debug_frame   0x0000047c       0x64 C:/Freescale/CW MCU v11.1/MCU/ARM_GCC_Support/ewl/lib/armv7e-m/fpu\libc.a(printformat_.o)
 .debug_frame   0x000004e0       0x3c C:/Freescale/CW MCU v11.1/MCU/ARM_GCC_Support/ewl/lib/armv7e-m/fpu\libc.a(scanformat_.o)
 .debug_frame   0x0000051c       0xf0 C:/Freescale/CW MCU v11.1/MCU/ARM_GCC_Support/ewl/lib/armv7e-m/fpu\libc.a(ctype_aeabi.o)
 .debug_frame   0x0000060c       0x3c C:/Freescale/CW MCU v11.1/MCU/ARM_GCC_Support/ewl/lib/armv7e-m/fpu\libc.a(__strtoul.o)
 .debug_frame   0x00000648       0x20 C:/Freescale/CW MCU v11.1/MCU/ARM_GCC_Support/ewl/lib/armv7e-m/fpu\libc.a(strchr.o)
 .debug_frame   0x00000668       0x20 C:/Freescale/CW MCU v11.1/MCU/ARM_GCC_Support/ewl/lib/armv7e-m/fpu\libc.a(strlen.o)
 .debug_frame   0x00000688       0x20 C:/Freescale/CW MCU v11.1/MCU/ARM_GCC_Support/ewl/lib/armv7e-m/fpu\libc.a(memchr.o)
 .debug_frame   0x000006a8       0x40 C:/Freescale/CW MCU v11.1/MCU/ARM_GCC_Support/ewl/lib/armv7e-m/fpu\librt.a(gcc_ctor_dtor.o)
 .debug_frame   0x000006e8       0xbc C:/Freescale/CW MCU v11.1/MCU/ARM_GCC_Support/ewl/lib/armv7e-m/fpu\librt.a(__arm_eabi_init.o)
 .debug_frame   0x000007a4       0x48 C:/Freescale/CW MCU v11.1/MCU/ARM_GCC_Support/ewl/lib/armv7e-m/fpu\librt.a(ROMCopy.o)
